nohup: ignoring input
/tmp/orchestrator_backend_venv/lib/python3.12/site-packages/pydantic/_internal/_fields.py:132: UserWarning: Field "model_id" in ModelInfo has conflict with protected namespace "model_".

You may be able to resolve this warning by setting `model_config['protected_namespaces'] = ()`.
  warnings.warn(
/tmp/orchestrator_backend_venv/lib/python3.12/site-packages/pydantic/_internal/_fields.py:132: UserWarning: Field "model_name" in ModelRecommendationCard has conflict with protected namespace "model_".

You may be able to resolve this warning by setting `model_config['protected_namespaces'] = ()`.
  warnings.warn(
/tmp/orchestrator_backend_venv/lib/python3.12/site-packages/pydantic/_internal/_fields.py:132: UserWarning: Field "model_recommendations" in OrchestratorOutput has conflict with protected namespace "model_".

You may be able to resolve this warning by setting `model_config['protected_namespaces'] = ()`.
  warnings.warn(
/tmp/orchestrator_backend_venv/lib/python3.12/site-packages/pydantic/_internal/_fields.py:132: UserWarning: Field "model_overrides" in AskRequest has conflict with protected namespace "model_".

You may be able to resolve this warning by setting `model_config['protected_namespaces'] = ()`.
  warnings.warn(
/tmp/orchestrator_backend_venv/lib/python3.12/site-packages/pydantic/_internal/_fields.py:132: UserWarning: Field "model_id" in ApproveInstallRequest has conflict with protected namespace "model_".

You may be able to resolve this warning by setting `model_config['protected_namespaces'] = ()`.
  warnings.warn(
/tmp/orchestrator_backend_venv/lib/python3.12/site-packages/pydantic/_internal/_fields.py:132: UserWarning: Field "model_id" in EvaluationRequest has conflict with protected namespace "model_".

You may be able to resolve this warning by setting `model_config['protected_namespaces'] = ()`.
  warnings.warn(
/tmp/orchestrator_backend_venv/lib/python3.12/site-packages/pydantic/_internal/_fields.py:132: UserWarning: Field "model_id" in FeedbackRequest has conflict with protected namespace "model_".

You may be able to resolve this warning by setting `model_config['protected_namespaces'] = ()`.
  warnings.warn(
INFO:     Started server process [4172696]
INFO:     Waiting for application startup.
INFO:     Application startup complete.
ERROR:    [Errno 98] error while attempting to bind on address ('0.0.0.0', 8000): address already in use
INFO:     Waiting for application shutdown.
INFO:     Application shutdown complete.
